// Jest Snapshot v1, https://goo.gl/fbAQLP

exports[`Storyshots Component/Character Default 1`] = `
<div
  className="flex justify-center items-center w-12 h-12 rounded-full border-2 border-black text-lg transition duration-300 bg-gray-200"
>
  <svg
    fill="currentColor"
    height="1em"
    stroke="currentColor"
    strokeWidth="0"
    style={
      {
        "color": undefined,
      }
    }
    viewBox="0 0 16 16"
    width="1em"
    xmlns="http://www.w3.org/2000/svg"
  >
    <path
      clipRule="evenodd"
      d="M4.111 2.18a7 7 0 1 1 7.778 11.64A7 7 0 0 1 4.11 2.18zm.556 10.809a6 6 0 1 0 6.666-9.978 6 6 0 0 0-6.666 9.978zM6.5 7a1 1 0 1 1-2 0 1 1 0 0 1 2 0zm5 0a1 1 0 1 1-2 0 1 1 0 0 1 2 0zM8 11a3 3 0 0 1-2.65-1.58l-.87.48a4 4 0 0 0 7.12-.16l-.9-.43A3 3 0 0 1 8 11z"
      fillRule="evenodd"
    />
  </svg>
</div>
`;

exports[`Storyshots Component/Character Hovered 1`] = `
<div
  className="flex justify-center items-center w-12 h-12 rounded-full border-2 border-black text-lg transition duration-300 bg-black text-white"
>
  <svg
    fill="currentColor"
    height="1em"
    stroke="currentColor"
    strokeWidth="0"
    style={
      {
        "color": undefined,
      }
    }
    viewBox="0 0 16 16"
    width="1em"
    xmlns="http://www.w3.org/2000/svg"
  >
    <path
      clipRule="evenodd"
      d="M4.111 2.18a7 7 0 1 1 7.778 11.64A7 7 0 0 1 4.11 2.18zm.556 10.809a6 6 0 1 0 6.666-9.978 6 6 0 0 0-6.666 9.978zM6.5 7a1 1 0 1 1-2 0 1 1 0 0 1 2 0zm5 0a1 1 0 1 1-2 0 1 1 0 0 1 2 0zM8 11a3 3 0 0 1-2.65-1.58l-.87.48a4 4 0 0 0 7.12-.16l-.9-.43A3 3 0 0 1 8 11z"
      fillRule="evenodd"
    />
  </svg>
</div>
`;

exports[`Storyshots Component/Character With Icon 1`] = `
<div
  className="flex justify-center items-center w-12 h-12 rounded-full border-2 border-black text-lg transition duration-300 bg-gray-200"
>
  <svg
    fill="currentColor"
    height="1em"
    stroke="currentColor"
    strokeWidth="0"
    style={
      {
        "color": undefined,
      }
    }
    viewBox="0 0 16 16"
    width="1em"
    xmlns="http://www.w3.org/2000/svg"
  >
    <path
      clipRule="evenodd"
      d="M4.111 2.18a7 7 0 1 1 7.778 11.64A7 7 0 0 1 4.11 2.18zm.556 10.809a6 6 0 1 0 6.666-9.978 6 6 0 0 0-6.666 9.978zM6.5 7a1 1 0 1 1-2 0 1 1 0 0 1 2 0zm5 0a1 1 0 1 1-2 0 1 1 0 0 1 2 0zM8 11a3 3 0 0 1-2.65-1.58l-.87.48a4 4 0 0 0 7.12-.16l-.9-.43A3 3 0 0 1 8 11z"
      fillRule="evenodd"
    />
  </svg>
</div>
`;

exports[`Storyshots Component/Character With Number 1`] = `
<div
  className="flex justify-center items-center w-12 h-12 rounded-full border-2 border-black text-lg transition duration-300 bg-gray-200"
>
  10
</div>
`;

exports[`Storyshots Component/Character With String 1`] = `
<div
  className="flex justify-center items-center w-12 h-12 rounded-full border-2 border-black text-lg transition duration-300 bg-gray-200"
>
  S
</div>
`;

exports[`Storyshots Component/LinkList Default 1`] = `
<ol
  className="flex flex-col gap-5"
>
  <li>
    <a
      className="flex items-center gap-5"
      href="https://example.com/"
      onMouseEnter={[Function]}
      onMouseLeave={[Function]}
      rel="noopener noreferrer"
      target="_blank"
    >
      <div
        className="flex justify-center items-center w-12 h-12 rounded-full border-2 border-black text-lg transition duration-300 bg-gray-200"
      >
        <svg
          fill="currentColor"
          height="1em"
          stroke="currentColor"
          strokeWidth="0"
          style={
            {
              "color": undefined,
            }
          }
          viewBox="0 0 1024 1024"
          width="1em"
          xmlns="http://www.w3.org/2000/svg"
        >
          <path
            d="M574 665.4a8.03 8.03 0 0 0-11.3 0L446.5 781.6c-53.8 53.8-144.6 59.5-204 0-59.5-59.5-53.8-150.2 0-204l116.2-116.2c3.1-3.1 3.1-8.2 0-11.3l-39.8-39.8a8.03 8.03 0 0 0-11.3 0L191.4 526.5c-84.6 84.6-84.6 221.5 0 306s221.5 84.6 306 0l116.2-116.2c3.1-3.1 3.1-8.2 0-11.3L574 665.4zm258.6-474c-84.6-84.6-221.5-84.6-306 0L410.3 307.6a8.03 8.03 0 0 0 0 11.3l39.7 39.7c3.1 3.1 8.2 3.1 11.3 0l116.2-116.2c53.8-53.8 144.6-59.5 204 0 59.5 59.5 53.8 150.2 0 204L665.3 562.6a8.03 8.03 0 0 0 0 11.3l39.8 39.8c3.1 3.1 8.2 3.1 11.3 0l116.2-116.2c84.5-84.6 84.5-221.5 0-306.1zM610.1 372.3a8.03 8.03 0 0 0-11.3 0L372.3 598.7a8.03 8.03 0 0 0 0 11.3l39.6 39.6c3.1 3.1 8.2 3.1 11.3 0l226.4-226.4c3.1-3.1 3.1-8.2 0-11.3l-39.5-39.6z"
          />
        </svg>
      </div>
      <div
        className="relative"
      >
        <span>
          https://example.com/
        </span>
        <span
          className="absolute left-0 transition-all bg-black h-[2px] bottom-1 w-0"
        />
      </div>
    </a>
  </li>
  <li>
    <a
      className="flex items-center gap-5"
      href="https://example.com/"
      onMouseEnter={[Function]}
      onMouseLeave={[Function]}
      rel="noopener noreferrer"
      target="_blank"
    >
      <div
        className="flex justify-center items-center w-12 h-12 rounded-full border-2 border-black text-lg transition duration-300 bg-gray-200"
      >
        <svg
          fill="currentColor"
          height="1em"
          stroke="currentColor"
          strokeWidth="0"
          style={
            {
              "color": undefined,
            }
          }
          viewBox="0 0 1024 1024"
          width="1em"
          xmlns="http://www.w3.org/2000/svg"
        >
          <path
            d="M574 665.4a8.03 8.03 0 0 0-11.3 0L446.5 781.6c-53.8 53.8-144.6 59.5-204 0-59.5-59.5-53.8-150.2 0-204l116.2-116.2c3.1-3.1 3.1-8.2 0-11.3l-39.8-39.8a8.03 8.03 0 0 0-11.3 0L191.4 526.5c-84.6 84.6-84.6 221.5 0 306s221.5 84.6 306 0l116.2-116.2c3.1-3.1 3.1-8.2 0-11.3L574 665.4zm258.6-474c-84.6-84.6-221.5-84.6-306 0L410.3 307.6a8.03 8.03 0 0 0 0 11.3l39.7 39.7c3.1 3.1 8.2 3.1 11.3 0l116.2-116.2c53.8-53.8 144.6-59.5 204 0 59.5 59.5 53.8 150.2 0 204L665.3 562.6a8.03 8.03 0 0 0 0 11.3l39.8 39.8c3.1 3.1 8.2 3.1 11.3 0l116.2-116.2c84.5-84.6 84.5-221.5 0-306.1zM610.1 372.3a8.03 8.03 0 0 0-11.3 0L372.3 598.7a8.03 8.03 0 0 0 0 11.3l39.6 39.6c3.1 3.1 8.2 3.1 11.3 0l226.4-226.4c3.1-3.1 3.1-8.2 0-11.3l-39.5-39.6z"
          />
        </svg>
      </div>
      <div
        className="relative"
      >
        <span>
          https://example.com/
        </span>
        <span
          className="absolute left-0 transition-all bg-black h-[2px] bottom-1 w-0"
        />
      </div>
    </a>
  </li>
  <li>
    <a
      className="flex items-center gap-5"
      href="https://example.com/"
      onMouseEnter={[Function]}
      onMouseLeave={[Function]}
      rel="noopener noreferrer"
      target="_blank"
    >
      <div
        className="flex justify-center items-center w-12 h-12 rounded-full border-2 border-black text-lg transition duration-300 bg-gray-200"
      >
        <svg
          fill="currentColor"
          height="1em"
          stroke="currentColor"
          strokeWidth="0"
          style={
            {
              "color": undefined,
            }
          }
          viewBox="0 0 1024 1024"
          width="1em"
          xmlns="http://www.w3.org/2000/svg"
        >
          <path
            d="M574 665.4a8.03 8.03 0 0 0-11.3 0L446.5 781.6c-53.8 53.8-144.6 59.5-204 0-59.5-59.5-53.8-150.2 0-204l116.2-116.2c3.1-3.1 3.1-8.2 0-11.3l-39.8-39.8a8.03 8.03 0 0 0-11.3 0L191.4 526.5c-84.6 84.6-84.6 221.5 0 306s221.5 84.6 306 0l116.2-116.2c3.1-3.1 3.1-8.2 0-11.3L574 665.4zm258.6-474c-84.6-84.6-221.5-84.6-306 0L410.3 307.6a8.03 8.03 0 0 0 0 11.3l39.7 39.7c3.1 3.1 8.2 3.1 11.3 0l116.2-116.2c53.8-53.8 144.6-59.5 204 0 59.5 59.5 53.8 150.2 0 204L665.3 562.6a8.03 8.03 0 0 0 0 11.3l39.8 39.8c3.1 3.1 8.2 3.1 11.3 0l116.2-116.2c84.5-84.6 84.5-221.5 0-306.1zM610.1 372.3a8.03 8.03 0 0 0-11.3 0L372.3 598.7a8.03 8.03 0 0 0 0 11.3l39.6 39.6c3.1 3.1 8.2 3.1 11.3 0l226.4-226.4c3.1-3.1 3.1-8.2 0-11.3l-39.5-39.6z"
          />
        </svg>
      </div>
      <div
        className="relative"
      >
        <span>
          https://example.com/
        </span>
        <span
          className="absolute left-0 transition-all bg-black h-[2px] bottom-1 w-0"
        />
      </div>
    </a>
  </li>
</ol>
`;

exports[`Storyshots Component/LinkList With Icon 1`] = `
<ol
  className="flex flex-col gap-5"
>
  <li>
    <a
      className="flex items-center gap-5"
      href="https://example.com/"
      onMouseEnter={[Function]}
      onMouseLeave={[Function]}
      rel="noopener noreferrer"
      target="_blank"
    >
      <div
        className="flex justify-center items-center w-12 h-12 rounded-full border-2 border-black text-lg transition duration-300 bg-gray-200"
      >
        <svg
          fill="currentColor"
          height="1em"
          stroke="currentColor"
          strokeWidth="0"
          style={
            {
              "color": undefined,
            }
          }
          viewBox="0 0 1024 1024"
          width="1em"
          xmlns="http://www.w3.org/2000/svg"
        >
          <path
            d="M858.5 763.6a374 374 0 0 0-80.6-119.5 375.63 375.63 0 0 0-119.5-80.6c-.4-.2-.8-.3-1.2-.5C719.5 518 760 444.7 760 362c0-137-111-248-248-248S264 225 264 362c0 82.7 40.5 156 102.8 201.1-.4.2-.8.3-1.2.5-44.8 18.9-85 46-119.5 80.6a375.63 375.63 0 0 0-80.6 119.5A371.7 371.7 0 0 0 136 901.8a8 8 0 0 0 8 8.2h60c4.4 0 7.9-3.5 8-7.8 2-77.2 33-149.5 87.8-204.3 56.7-56.7 132-87.9 212.2-87.9s155.5 31.2 212.2 87.9C779 752.7 810 825 812 902.2c.1 4.4 3.6 7.8 8 7.8h60a8 8 0 0 0 8-8.2c-1-47.8-10.9-94.3-29.5-138.2zM512 534c-45.9 0-89.1-17.9-121.6-50.4S340 407.9 340 362c0-45.9 17.9-89.1 50.4-121.6S466.1 190 512 190s89.1 17.9 121.6 50.4S684 316.1 684 362c0 45.9-17.9 89.1-50.4 121.6S557.9 534 512 534z"
          />
        </svg>
      </div>
      <div
        className="relative"
      >
        <span>
          https://example.com/
        </span>
        <span
          className="absolute left-0 transition-all bg-black h-[2px] bottom-1 w-0"
        />
      </div>
    </a>
  </li>
  <li>
    <a
      className="flex items-center gap-5"
      href="https://example.com/"
      onMouseEnter={[Function]}
      onMouseLeave={[Function]}
      rel="noopener noreferrer"
      target="_blank"
    >
      <div
        className="flex justify-center items-center w-12 h-12 rounded-full border-2 border-black text-lg transition duration-300 bg-gray-200"
      >
        <svg
          fill="currentColor"
          height="1em"
          stroke="currentColor"
          strokeWidth="0"
          style={
            {
              "color": undefined,
            }
          }
          viewBox="0 0 1024 1024"
          width="1em"
          xmlns="http://www.w3.org/2000/svg"
        >
          <path
            d="M858.5 763.6a374 374 0 0 0-80.6-119.5 375.63 375.63 0 0 0-119.5-80.6c-.4-.2-.8-.3-1.2-.5C719.5 518 760 444.7 760 362c0-137-111-248-248-248S264 225 264 362c0 82.7 40.5 156 102.8 201.1-.4.2-.8.3-1.2.5-44.8 18.9-85 46-119.5 80.6a375.63 375.63 0 0 0-80.6 119.5A371.7 371.7 0 0 0 136 901.8a8 8 0 0 0 8 8.2h60c4.4 0 7.9-3.5 8-7.8 2-77.2 33-149.5 87.8-204.3 56.7-56.7 132-87.9 212.2-87.9s155.5 31.2 212.2 87.9C779 752.7 810 825 812 902.2c.1 4.4 3.6 7.8 8 7.8h60a8 8 0 0 0 8-8.2c-1-47.8-10.9-94.3-29.5-138.2zM512 534c-45.9 0-89.1-17.9-121.6-50.4S340 407.9 340 362c0-45.9 17.9-89.1 50.4-121.6S466.1 190 512 190s89.1 17.9 121.6 50.4S684 316.1 684 362c0 45.9-17.9 89.1-50.4 121.6S557.9 534 512 534z"
          />
        </svg>
      </div>
      <div
        className="relative"
      >
        <span>
          https://example.com/
        </span>
        <span
          className="absolute left-0 transition-all bg-black h-[2px] bottom-1 w-0"
        />
      </div>
    </a>
  </li>
  <li>
    <a
      className="flex items-center gap-5"
      href="https://example.com/"
      onMouseEnter={[Function]}
      onMouseLeave={[Function]}
      rel="noopener noreferrer"
      target="_blank"
    >
      <div
        className="flex justify-center items-center w-12 h-12 rounded-full border-2 border-black text-lg transition duration-300 bg-gray-200"
      >
        <svg
          fill="currentColor"
          height="1em"
          stroke="currentColor"
          strokeWidth="0"
          style={
            {
              "color": undefined,
            }
          }
          viewBox="0 0 1024 1024"
          width="1em"
          xmlns="http://www.w3.org/2000/svg"
        >
          <path
            d="M858.5 763.6a374 374 0 0 0-80.6-119.5 375.63 375.63 0 0 0-119.5-80.6c-.4-.2-.8-.3-1.2-.5C719.5 518 760 444.7 760 362c0-137-111-248-248-248S264 225 264 362c0 82.7 40.5 156 102.8 201.1-.4.2-.8.3-1.2.5-44.8 18.9-85 46-119.5 80.6a375.63 375.63 0 0 0-80.6 119.5A371.7 371.7 0 0 0 136 901.8a8 8 0 0 0 8 8.2h60c4.4 0 7.9-3.5 8-7.8 2-77.2 33-149.5 87.8-204.3 56.7-56.7 132-87.9 212.2-87.9s155.5 31.2 212.2 87.9C779 752.7 810 825 812 902.2c.1 4.4 3.6 7.8 8 7.8h60a8 8 0 0 0 8-8.2c-1-47.8-10.9-94.3-29.5-138.2zM512 534c-45.9 0-89.1-17.9-121.6-50.4S340 407.9 340 362c0-45.9 17.9-89.1 50.4-121.6S466.1 190 512 190s89.1 17.9 121.6 50.4S684 316.1 684 362c0 45.9-17.9 89.1-50.4 121.6S557.9 534 512 534z"
          />
        </svg>
      </div>
      <div
        className="relative"
      >
        <span>
          https://example.com/
        </span>
        <span
          className="absolute left-0 transition-all bg-black h-[2px] bottom-1 w-0"
        />
      </div>
    </a>
  </li>
</ol>
`;

exports[`Storyshots Component/LinkList With Label 1`] = `
<ol
  className="flex flex-col gap-5"
>
  <li>
    <a
      className="flex items-center gap-5"
      href="https://example.com/"
      onMouseEnter={[Function]}
      onMouseLeave={[Function]}
      rel="noopener noreferrer"
      target="_blank"
    >
      <div
        className="flex justify-center items-center w-12 h-12 rounded-full border-2 border-black text-lg transition duration-300 bg-gray-200"
      >
        <svg
          fill="currentColor"
          height="1em"
          stroke="currentColor"
          strokeWidth="0"
          style={
            {
              "color": undefined,
            }
          }
          viewBox="0 0 1024 1024"
          width="1em"
          xmlns="http://www.w3.org/2000/svg"
        >
          <path
            d="M574 665.4a8.03 8.03 0 0 0-11.3 0L446.5 781.6c-53.8 53.8-144.6 59.5-204 0-59.5-59.5-53.8-150.2 0-204l116.2-116.2c3.1-3.1 3.1-8.2 0-11.3l-39.8-39.8a8.03 8.03 0 0 0-11.3 0L191.4 526.5c-84.6 84.6-84.6 221.5 0 306s221.5 84.6 306 0l116.2-116.2c3.1-3.1 3.1-8.2 0-11.3L574 665.4zm258.6-474c-84.6-84.6-221.5-84.6-306 0L410.3 307.6a8.03 8.03 0 0 0 0 11.3l39.7 39.7c3.1 3.1 8.2 3.1 11.3 0l116.2-116.2c53.8-53.8 144.6-59.5 204 0 59.5 59.5 53.8 150.2 0 204L665.3 562.6a8.03 8.03 0 0 0 0 11.3l39.8 39.8c3.1 3.1 8.2 3.1 11.3 0l116.2-116.2c84.5-84.6 84.5-221.5 0-306.1zM610.1 372.3a8.03 8.03 0 0 0-11.3 0L372.3 598.7a8.03 8.03 0 0 0 0 11.3l39.6 39.6c3.1 3.1 8.2 3.1 11.3 0l226.4-226.4c3.1-3.1 3.1-8.2 0-11.3l-39.5-39.6z"
          />
        </svg>
      </div>
      <div
        className="relative"
      >
        <span>
          Example 1
        </span>
        <span
          className="absolute left-0 transition-all bg-black h-[2px] bottom-1 w-0"
        />
      </div>
    </a>
  </li>
  <li>
    <a
      className="flex items-center gap-5"
      href="https://example.com/"
      onMouseEnter={[Function]}
      onMouseLeave={[Function]}
      rel="noopener noreferrer"
      target="_blank"
    >
      <div
        className="flex justify-center items-center w-12 h-12 rounded-full border-2 border-black text-lg transition duration-300 bg-gray-200"
      >
        <svg
          fill="currentColor"
          height="1em"
          stroke="currentColor"
          strokeWidth="0"
          style={
            {
              "color": undefined,
            }
          }
          viewBox="0 0 1024 1024"
          width="1em"
          xmlns="http://www.w3.org/2000/svg"
        >
          <path
            d="M574 665.4a8.03 8.03 0 0 0-11.3 0L446.5 781.6c-53.8 53.8-144.6 59.5-204 0-59.5-59.5-53.8-150.2 0-204l116.2-116.2c3.1-3.1 3.1-8.2 0-11.3l-39.8-39.8a8.03 8.03 0 0 0-11.3 0L191.4 526.5c-84.6 84.6-84.6 221.5 0 306s221.5 84.6 306 0l116.2-116.2c3.1-3.1 3.1-8.2 0-11.3L574 665.4zm258.6-474c-84.6-84.6-221.5-84.6-306 0L410.3 307.6a8.03 8.03 0 0 0 0 11.3l39.7 39.7c3.1 3.1 8.2 3.1 11.3 0l116.2-116.2c53.8-53.8 144.6-59.5 204 0 59.5 59.5 53.8 150.2 0 204L665.3 562.6a8.03 8.03 0 0 0 0 11.3l39.8 39.8c3.1 3.1 8.2 3.1 11.3 0l116.2-116.2c84.5-84.6 84.5-221.5 0-306.1zM610.1 372.3a8.03 8.03 0 0 0-11.3 0L372.3 598.7a8.03 8.03 0 0 0 0 11.3l39.6 39.6c3.1 3.1 8.2 3.1 11.3 0l226.4-226.4c3.1-3.1 3.1-8.2 0-11.3l-39.5-39.6z"
          />
        </svg>
      </div>
      <div
        className="relative"
      >
        <span>
          Example 2
        </span>
        <span
          className="absolute left-0 transition-all bg-black h-[2px] bottom-1 w-0"
        />
      </div>
    </a>
  </li>
  <li>
    <a
      className="flex items-center gap-5"
      href="https://example.com/"
      onMouseEnter={[Function]}
      onMouseLeave={[Function]}
      rel="noopener noreferrer"
      target="_blank"
    >
      <div
        className="flex justify-center items-center w-12 h-12 rounded-full border-2 border-black text-lg transition duration-300 bg-gray-200"
      >
        <svg
          fill="currentColor"
          height="1em"
          stroke="currentColor"
          strokeWidth="0"
          style={
            {
              "color": undefined,
            }
          }
          viewBox="0 0 1024 1024"
          width="1em"
          xmlns="http://www.w3.org/2000/svg"
        >
          <path
            d="M574 665.4a8.03 8.03 0 0 0-11.3 0L446.5 781.6c-53.8 53.8-144.6 59.5-204 0-59.5-59.5-53.8-150.2 0-204l116.2-116.2c3.1-3.1 3.1-8.2 0-11.3l-39.8-39.8a8.03 8.03 0 0 0-11.3 0L191.4 526.5c-84.6 84.6-84.6 221.5 0 306s221.5 84.6 306 0l116.2-116.2c3.1-3.1 3.1-8.2 0-11.3L574 665.4zm258.6-474c-84.6-84.6-221.5-84.6-306 0L410.3 307.6a8.03 8.03 0 0 0 0 11.3l39.7 39.7c3.1 3.1 8.2 3.1 11.3 0l116.2-116.2c53.8-53.8 144.6-59.5 204 0 59.5 59.5 53.8 150.2 0 204L665.3 562.6a8.03 8.03 0 0 0 0 11.3l39.8 39.8c3.1 3.1 8.2 3.1 11.3 0l116.2-116.2c84.5-84.6 84.5-221.5 0-306.1zM610.1 372.3a8.03 8.03 0 0 0-11.3 0L372.3 598.7a8.03 8.03 0 0 0 0 11.3l39.6 39.6c3.1 3.1 8.2 3.1 11.3 0l226.4-226.4c3.1-3.1 3.1-8.2 0-11.3l-39.5-39.6z"
          />
        </svg>
      </div>
      <div
        className="relative"
      >
        <span>
          Example 3
        </span>
        <span
          className="absolute left-0 transition-all bg-black h-[2px] bottom-1 w-0"
        />
      </div>
    </a>
  </li>
</ol>
`;

exports[`Storyshots Typography/Title Default 1`] = `
<h1
  className="text-3xl sm:text-4xl lg:text-5xl tracking-[0.16em] font-bold"
>
  Lorem Ipsum
</h1>
`;
